Microchip MPLAB XC8 Compiler V2.00 ()

Linker command line:

-W-3 --edf=C:\Program Files (x86)\Microchip\xc8\v2.00\pic\dat\en_msgs.txt \
  -pivt0x8=08h -cs -h+dist/default/production\CSWB.X.production.sym \
  --cmf=dist/default/production\CSWB.X.production.cmf -z -Q18F47K42 \
  -oC:\Users\marc-\AppData\Local\Temp\sdo4.2 --defsym=__MPLAB_BUILD=1 \
  -Mdist/default/production/CSWB.X.production.map -E1 -ver=XC8 \
  -ASTACK=09Bh-01fffh -pstack=STACK -ACODE=00h-01FFFFh -ACONST=00h-01FFFFh \
  -ASMALLCONST=02000h-020FFhx480 \
  -AMEDIUMCONST=02000h-0FFFFh,012000h-01FFFFh -ACOMRAM=01h-05Fh \
  -AABS1=00h-01FFFh -ABIGRAM=01h-01FFFh -ARAM=060h-0FFh,0100h-01FFhx31 \
  -ABANK0=060h-0FFh -ABANK1=0100h-01FFh -ABANK2=0200h-02FFh \
  -ABANK3=0300h-03FFh -ABANK4=0400h-04FFh -ABANK5=0500h-05FFh \
  -ABANK6=0600h-06FFh -ABANK7=0700h-07FFh -ABANK8=0800h-08FFh \
  -ABANK9=0900h-09FFh -ABANK10=0A00h-0AFFh -ABANK11=0B00h-0BFFh \
  -ABANK12=0C00h-0CFFh -ABANK13=0D00h-0DFFh -ABANK14=0E00h-0EFFh \
  -ABANK15=0F00h-0FFFh -ABANK16=01000h-010FFh -ABANK17=01100h-011FFh \
  -ABANK18=01200h-012FFh -ABANK19=01300h-013FFh -ABANK20=01400h-014FFh \
  -ABANK21=01500h-015FFh -ABANK22=01600h-016FFh -ABANK23=01700h-017FFh \
  -ABANK24=01800h-018FFh -ABANK25=01900h-019FFh -ABANK26=01A00h-01AFFh \
  -ABANK27=01B00h-01BFFh -ABANK28=01C00h-01CFFh -ABANK29=01D00h-01DFFh \
  -ABANK30=01E00h-01EFFh -ABANK31=01F00h-01FFFh \
  -ASFR=03800h-038FFhx7,03F00h-03F5Fh,03F60h-03FFFh -preset_vec=00h \
  -ppowerup=CODE,init -pramtop=02000h -psmallconst=SMALLCONST \
  -pmediumconst=MEDIUMCONST -pconst=CONST -AFARRAM=00h-00h \
  -ACONFIG=0300000h-0300009h -pconfig=CONFIG -AIDLOC=0200000h-020000Fh \
  -pidloc=IDLOC -AEEDATA=0310000h-03103FFh -peeprom_data=EEDATA \
  -prdata=COMRAM,nvrram=COMRAM,nvbit=COMRAM,rbss=COMRAM,rbit=COMRAM \
  -pfarbss=FARRAM,fardata=FARRAM,nvFARRAM=FARRAM \
  -pintsave_regs=BIGRAM,bigbss=BIGRAM,bigdata=BIGRAM -pbss=RAM \
  -pidata=CODE,irdata=CODE,ibigdata=CODE,ifardata=CODE -prparam=COMRAM \
  C:\Users\marc-\AppData\Local\Temp\sdo4.o \
  dist/default/production\CSWB.X.production.o 

Object code version is 3.11

Machine type is 18F47K42

Call graph: (short form)




                Name                               Link     Load   Length Selector   Space Scale
C:\Users\marc-\AppData\Local\Temp\sdo4.o
                init                                 1A       1A        4        4       0
                reset_vec                             0        0        4        0       0
                idloc                            200000   200000       10   200000       0
                config                           300000   300000        A   300000       0
dist/default/production\CSWB.X.production.o
                mediumconst                        FED0     FED0      130     7F68       0
                ivt0x8                                8        8       12        4       0
                text62                            11A76    11A76      670     8000       0
                text61                            127F8    127F8       98     8000       0
                text60                            13060    13060       1C     97A2       0
                text59                            12EA2    12EA2       2E     8000       0
                text58                            12F88    12F88       22     97A2       0
                text57                            12B9A    12B9A       4A     8000       0
                text56                            13178    13178        6     97A2       0
                text55                            130FC    130FC       12     97A2       0
                text54                            124AC    124AC      116     8000       0
                text53                            12AB4    12AB4       52     8000       0
                text52                            125C2    125C2       C6     8000       0
                text51                            13044    13044       1C     97A2       0
                text50                            1316A    1316A        8     97A2       0
                text49                            13162    13162        8     97A2       0
                text48                            1315A    1315A        8     97A2       0
                text47                            12E74    12E74       2E     8000       0
                text46                            12F66    12F66       22     97A2       0
                text45                            12A62    12A62       52     8000       0
                text44                            130AE    130AE       16     97A2       0
                text43                            12740    12740       B8     8000       0
                text42                            12688    12688       B8     8000       0
                text41                            12B50    12B50       4A     8000       0
                text40                            130C4    130C4       14     97A2       0
                text39                            12FEA    12FEA       20     97A2       0
                text38                            12DDC    12DDC       36     8000       0
                text37                            12C2A    12C2A       46     8000       0
                text36                            12CF4    12CF4       3C     8000       0
                text35                            12D6A    12D6A       3A     8000       0
                text34                            1312E    1312E        E     97A2       0
                text33                            13172    13172        6     97A2       0
                text32                            1127E    1127E      7F8     8000       0
                text31                            12376    12376      136     8000       0
                text30                            12D30    12D30       3A     8000       0
                text29                            12FCA    12FCA       20     97A2       0
                text28                            12B06    12B06       4A     8000       0
                text27                            12CB2    12CB2       42     8000       0
                text26                            12234    12234      142     8000       0
                text25                            130EA    130EA       12     97A2       0
                text24                            1311E    1311E       10     97A2       0
                text23                            130D8    130D8       12     97A2       0
                text22                            1310E    1310E       10     97A2       0
                text21                            120E6    120E6      14E     8000       0
                text20                            12E44    12E44       30     8000       0
                text19                            12BE4    12BE4       46     8000       0
                text18                            12F44    12F44       22     97A2       0
                text17                            1300A    1300A       1E     97A2       0
                text16                            12918    12918       86     8000       0
                text15                            13180    13180        2     97A2       0
                text14                            1317E    1317E        2     97A2       0
                text13                            1313C    1313C        C     97A2       0
                text12                            13096    13096       18     97A2       0
                text11                            12E12    12E12       32     8000       0
                text10                            12EFC    12EFC       24     8000       0
                text9                             1307C    1307C       1A     97A2       0
                text8                             12ED0    12ED0       2C     8000       0
                text7                             13148    13148        A     97A2       0
                text6                             12FAA    12FAA       20     97A2       0
                text5                             12C70    12C70       42     8000       0
                text4                             13152    13152        8     97A2       0
                text3                             12890    12890       88     8000       0
                text2                             12A10    12A10       52     8000       0
                text1                             12DA4    12DA4       38     8000       0
                text0                             10000    10000     127E     8000       0
                cstackCOMRAM                         3C       3C       17        1       1
                cstackBANK0                          7C       7C       11       60       1
                dataBANK0                            60       60       1C       60       1
                bssBANK0                             8D       8D        E       60       1
                dataCOMRAM                            1        1       23        1       1
                bssCOMRAM                            24       24       18        1       1
                cinit                             1299E    1299E       72     8000       0
                idataBANK0                        13028    13028       1C     97A2       0
                idataCOMRAM                       12F20    12F20       23     8000       0

TOTAL           Name                               Link     Load   Length     Space
        CLASS   STACK          

        CLASS   CODE           
                init                                 1A       1A        4         0
                reset_vec                             0        0        4         0
                ivt0x8                                8        8       12         0
                text62                            11A76    11A76      670         0
                text61                            127F8    127F8       98         0
                text60                            13060    13060       1C         0
                text59                            12EA2    12EA2       2E         0
                text58                            12F88    12F88       22         0
                text57                            12B9A    12B9A       4A         0
                text56                            13178    13178        6         0
                text55                            130FC    130FC       12         0
                text54                            124AC    124AC      116         0
                text53                            12AB4    12AB4       52         0
                text52                            125C2    125C2       C6         0
                text51                            13044    13044       1C         0
                text50                            1316A    1316A        8         0
                text49                            13162    13162        8         0
                text48                            1315A    1315A        8         0
                text47                            12E74    12E74       2E         0
                text46                            12F66    12F66       22         0
                text45                            12A62    12A62       52         0
                text44                            130AE    130AE       16         0
                text43                            12740    12740       B8         0
                text42                            12688    12688       B8         0
                text41                            12B50    12B50       4A         0
                text40                            130C4    130C4       14         0
                text39                            12FEA    12FEA       20         0
                text38                            12DDC    12DDC       36         0
                text37                            12C2A    12C2A       46         0
                text36                            12CF4    12CF4       3C         0
                text35                            12D6A    12D6A       3A         0
                text34                            1312E    1312E        E         0
                text33                            13172    13172        6         0
                text32                            1127E    1127E      7F8         0
                text31                            12376    12376      136         0
                text30                            12D30    12D30       3A         0
                text29                            12FCA    12FCA       20         0
                text28                            12B06    12B06       4A         0
                text27                            12CB2    12CB2       42         0
                text26                            12234    12234      142         0
                text25                            130EA    130EA       12         0
                text24                            1311E    1311E       10         0
                text23                            130D8    130D8       12         0
                text22                            1310E    1310E       10         0
                text21                            120E6    120E6      14E         0
                text20                            12E44    12E44       30         0
                text19                            12BE4    12BE4       46         0
                text18                            12F44    12F44       22         0
                text17                            1300A    1300A       1E         0
                text16                            12918    12918       86         0
                text15                            13180    13180        2         0
                text14                            1317E    1317E        2         0
                text13                            1313C    1313C        C         0
                text12                            13096    13096       18         0
                text11                            12E12    12E12       32         0
                text10                            12EFC    12EFC       24         0
                text9                             1307C    1307C       1A         0
                text8                             12ED0    12ED0       2C         0
                text7                             13148    13148        A         0
                text6                             12FAA    12FAA       20         0
                text5                             12C70    12C70       42         0
                text4                             13152    13152        8         0
                text3                             12890    12890       88         0
                text2                             12A10    12A10       52         0
                text1                             12DA4    12DA4       38         0
                text0                             10000    10000     127E         0
                cinit                             1299E    1299E       72         0
                idataBANK0                        13028    13028       1C         0
                idataCOMRAM                       12F20    12F20       23         0

        CLASS   CONST          

        CLASS   SMALLCONST     

        CLASS   MEDIUMCONST    
                mediumconst                        FED0     FED0      130         0

        CLASS   COMRAM         
                cstackCOMRAM                         3C       3C       17         1
                dataCOMRAM                            1        1       23         1
                bssCOMRAM                            24       24       18         1

        CLASS   ABS1           

        CLASS   BIGRAM         

        CLASS   RAM            

        CLASS   BANK0          
                cstackBANK0                          7C       7C       11         1
                dataBANK0                            60       60       1C         1
                bssBANK0                             8D       8D        E         1

        CLASS   BANK1          

        CLASS   BANK2          

        CLASS   BANK3          

        CLASS   BANK4          

        CLASS   BANK5          

        CLASS   BANK6          

        CLASS   BANK7          

        CLASS   BANK8          

        CLASS   BANK9          

        CLASS   BANK10         

        CLASS   BANK11         

        CLASS   BANK12         

        CLASS   BANK13         

        CLASS   BANK14         

        CLASS   BANK15         

        CLASS   BANK16         

        CLASS   BANK17         

        CLASS   BANK18         

        CLASS   BANK19         

        CLASS   BANK20         

        CLASS   BANK21         

        CLASS   BANK22         

        CLASS   BANK23         

        CLASS   BANK24         

        CLASS   BANK25         

        CLASS   BANK26         

        CLASS   BANK27         

        CLASS   BANK28         

        CLASS   BANK29         

        CLASS   BANK30         

        CLASS   BANK31         

        CLASS   SFR            

        CLASS   FARRAM         

        CLASS   CONFIG         
                config                           300000   300000        A         0

        CLASS   IDLOC          
                idloc                            200000   200000       10         0

        CLASS   EEDATA         



SEGMENTS        Name                           Load    Length   Top    Selector   Space  Class

                reset_vec                      000000  000004  000004         0       0  CODE    
                dataCOMRAM                     000001  000052  000053         1       1  COMRAM  
                ivt0x8                         000008  000016  00001E         4       0  CODE    
                dataBANK0                      000060  00003B  00009B        60       1  BANK0   
                mediumconst                    00FED0  000130  010000      7F68       0  MEDIUMCO
                text0                          010000  002F43  012F43      8000       0  CODE    
                text18                         012F44  00023E  013182      97A2       0  CODE    
                idloc                          200000  000010  200010    200000       0  IDLOC   
                config                         300000  00000A  30000A    300000       0  CONFIG  


UNUSED ADDRESS RANGES

        Name                Unused          Largest block    Delta
        BANK0            00009B-0000FF               65
        BANK1            000100-0001FF              100
        BANK10           000A00-000AFF              100
        BANK11           000B00-000BFF              100
        BANK12           000C00-000CFF              100
        BANK13           000D00-000DFF              100
        BANK14           000E00-000EFF              100
        BANK15           000F00-000FFF              100
        BANK16           001000-0010FF              100
        BANK17           001100-0011FF              100
        BANK18           001200-0012FF              100
        BANK19           001300-0013FF              100
        BANK2            000200-0002FF              100
        BANK20           001400-0014FF              100
        BANK21           001500-0015FF              100
        BANK22           001600-0016FF              100
        BANK23           001700-0017FF              100
        BANK24           001800-0018FF              100
        BANK25           001900-0019FF              100
        BANK26           001A00-001AFF              100
        BANK27           001B00-001BFF              100
        BANK28           001C00-001CFF              100
        BANK29           001D00-001DFF              100
        BANK3            000300-0003FF              100
        BANK30           001E00-001EFF              100
        BANK31           001F00-001FFF              100
        BANK4            000400-0004FF              100
        BANK5            000500-0005FF              100
        BANK6            000600-0006FF              100
        BANK7            000700-0007FF              100
        BANK8            000800-0008FF              100
        BANK9            000900-0009FF              100
        BIGRAM           000053-00005F                D
                         00009B-001FFF             1F65
        CODE             000004-000007                4
                         00001E-00FECF             FEB2
                         012F43-012F43                1
                         013182-01FFFF             CE7E
        COMRAM           000053-00005F                D
        CONST            000004-000007                4
                         00001E-00FECF             FEB2
                         012F43-012F43                1
                         013182-01FFFF             CE7E
        EEDATA           310000-3103FF              400
        MEDIUMCONST      002000-00FECF             DED0
                         012F43-012F43                1
                         013182-01FFFF             CE7E
        RAM              00009B-001FFF              100
        SFR              003800-003FFF              100
        SMALLCONST       002000-00FECF              100
                         012F43-012F43                1
                         013182-01FFFF              100
        STACK            00009B-001FFF             1F65

                                  Symbol Table

?_keypadRead                             cstackCOMRAM 00004B
?_keypadScan                             cstackCOMRAM 000048
?_strcmp                                 cstackCOMRAM 000048
?_strlen                                 cstackCOMRAM 000048
?_verifyPassword                         cstackCOMRAM 00004E
IVTBASEH                                 (abs)        003FD6
IVTBASEL                                 (abs)        003FD5
IVTBASEU                                 (abs)        003FD7
LCD_Cmd@b                                cstackCOMRAM 000048
LCD_Set_Cursor@c                         cstackCOMRAM 000049
LCD_Set_Cursor@d                         cstackCOMRAM 00004B
LCD_Set_Cursor@temp                      cstackCOMRAM 00004D
LCD_Write_Char@e                         cstackCOMRAM 000048
LCD_Write_String@f                       cstackCOMRAM 000049
LCD_Write_String@i                       cstackCOMRAM 00004D
LCD_printAccepted@i                      cstackCOMRAM 000051
LCD_printDeclined@i                      cstackCOMRAM 000051
LCD_printInitialCountdown@i              cstackCOMRAM 00004E
LCD_printNowCountdown@i                  cstackCOMRAM 00004E
_ADC_MANAGER_Initialize                  text15       013180
_ANSELBbits                              (abs)        003A50
_ANSELD                                  (abs)        003A70
_BEEPER_Initialize                       text19       012BE4
_CCPTMRS1bits                            (abs)        003F5F
_CONFIGURATION_Initialize                text14       01317E
_COUNTDOWN_Initialize                    text18       012F44
_FALSE                                   bssCOMRAM    000028
_INTCON0bits                             (abs)        003FD2
_INTERRUPT_Initialize                    text13       01313C
_IPR3bits                                (abs)        003983
_ISR                                     text52       0125C2
_KEYPAD_Initialize                       text17       01300A
_LATA                                    (abs)        003FBA
_LATAbits                                (abs)        003FBA
_LATB                                    (abs)        003FBB
_LATBbits                                (abs)        003FBB
_LATC                                    (abs)        003FBC
_LATCbits                                (abs)        003FBC
_LATD                                    (abs)        003FBD
_LATE                                    (abs)        003FBE
_LCD_Clear                               text29       012FCA
_LCD_Cmd                                 text51       013044
_LCD_Cursor_Blink_Off                    text48       01315A
_LCD_Cursor_Blink_On                     text4        013152
_LCD_Cursor_Left                         text50       01316A
_LCD_Cursor_Right                        text49       013162
_LCD_Initialize                          text16       012918
_LCD_Set_Cursor                          text47       012E74
_LCD_Write_Char                          text46       012F66
_LCD_Write_String                        text45       012A62
_LCD_printAccepted                       text43       012740
_LCD_printDeclined                       text42       012688
_LCD_printInitialCountdown               text41       012B50
_LCD_printNowCountdown                   text28       012B06
_LCD_resetPasswordEntry                  text38       012DDC
_NONE                                    bssCOMRAM    000026
_ODCONA                                  (abs)        003A42
_ODCOND                                  (abs)        003A72
_OFF                                     bssCOMRAM    00002A
_ON                                      dataCOMRAM   00001B
_OSCCON1                                 (abs)        0039D9
_OSCCON3                                 (abs)        0039DB
_OSCEN                                   (abs)        0039DD
_OSCFRQ                                  (abs)        0039DF
_OSCILLATOR_Initialize                   text12       013096
_OSCTUNE                                 (abs)        0039DE
_PIE0bits                                (abs)        003990
_PIE3bits                                (abs)        003993
_PIE4bits                                (abs)        003994
_PIN_MANAGER_Initialize                  text11       012E12
_PIR3bits                                (abs)        0039A3
_PIR4bits                                (abs)        0039A4
_PMD0                                    (abs)        0039C0
_PMD1                                    (abs)        0039C1
_PMD2                                    (abs)        0039C2
_PMD3                                    (abs)        0039C3
_PMD4                                    (abs)        0039C4
_PMD5                                    (abs)        0039C5
_PMD6                                    (abs)        0039C6
_PMD7                                    (abs)        0039C7
_PMD_Initialize                          text10       012EFC
_PORTBbits                               (abs)        003FCB
_PWM5CONbits                             (abs)        003F6E
_PWM5DCH                                 (abs)        003F6D
_PWM5DCL                                 (abs)        003F6C
_RA1PPS                                  (abs)        003A01
_RC1PPS                                  (abs)        003A11
_SYSTEM_Initialize                       text9        01307C
_T0CON0bits                              (abs)        003FB8
_T0CON1bits                              (abs)        003FB9
_T1CLK                                   (abs)        003FB5
_T1CON                                   (abs)        003FB2
_T1CONbits                               (abs)        003FB2
_T2CLKbits                               (abs)        003FAE
_T2CONbits                               (abs)        003FAC
_T2PR                                    (abs)        003FAB
_TMR0H                                   (abs)        003FB7
_TMR0L                                   (abs)        003FB6
_TMR1H                                   (abs)        003FB1
_TMR1L                                   (abs)        003FB0
_TRISAbits                               (abs)        003FC2
_TRISBbits                               (abs)        003FC3
_TRISC                                   (abs)        003FC4
_TRISCbits                               (abs)        003FC4
_TRISD                                   (abs)        003FC5
_TRUE                                    dataCOMRAM   000019
_U1BRGH                                  (abs)        003DF6
_U1BRGL                                  (abs)        003DF5
_U1CON0bits                              (abs)        003DF2
_U1CON1bits                              (abs)        003DF3
_U1RXPPS                                 (abs)        003AE5
_U1TXB                                   (abs)        003DEA
_UART1_Initialize                        text8        012ED0
_WPUA                                    (abs)        003A41
_WPUD                                    (abs)        003A71
__CFG_BBEN$OFF                           (abs)        000000
__CFG_BBSIZE$BBSIZE_512                  (abs)        000000
__CFG_BOREN$SBORDIS                      (abs)        000000
__CFG_BORV$VBOR_2P45                     (abs)        000000
__CFG_CLKOUTEN$OFF                       (abs)        000000
__CFG_CP$OFF                             (abs)        000000
__CFG_CSWEN$ON                           (abs)        000000
__CFG_DEBUG$OFF                          (abs)        000000
__CFG_FCMEN$ON                           (abs)        000000
__CFG_FEXTOSC$OFF                        (abs)        000000
__CFG_IVT1WAY$ON                         (abs)        000000
__CFG_LPBOREN$OFF                        (abs)        000000
__CFG_LVP$ON                             (abs)        000000
__CFG_MCLRE$EXTMCLR                      (abs)        000000
__CFG_MVECEN$OFF                         (abs)        000000
__CFG_PPS1WAY$ON                         (abs)        000000
__CFG_PR1WAY$ON                          (abs)        000000
__CFG_PWRTS$PWRT_OFF                     (abs)        000000
__CFG_RSTOSC$HFINTOSC_1MHZ               (abs)        000000
__CFG_SAFEN$OFF                          (abs)        000000
__CFG_STVREN$ON                          (abs)        000000
__CFG_WDTCCS$SC                          (abs)        000000
__CFG_WDTCPS$WDTCPS_31                   (abs)        000000
__CFG_WDTCWS$WDTCWS_7                    (abs)        000000
__CFG_WDTE$OFF                           (abs)        000000
__CFG_WRTAPP$OFF                         (abs)        000000
__CFG_WRTB$OFF                           (abs)        000000
__CFG_WRTC$OFF                           (abs)        000000
__CFG_WRTD$OFF                           (abs)        000000
__CFG_WRTSAF$OFF                         (abs)        000000
__CFG_XINST$OFF                          (abs)        000000
__CFG_ZCD$OFF                            (abs)        000000
__HRAM                                   (abs)        000000
__Habs1                                  abs1         000000
__Hbank0                                 bank0        000000
__Hbank1                                 bank1        000000
__Hbank10                                bank10       000000
__Hbank11                                bank11       000000
__Hbank12                                bank12       000000
__Hbank13                                bank13       000000
__Hbank14                                bank14       000000
__Hbank15                                bank15       000000
__Hbank16                                bank16       000000
__Hbank17                                bank17       000000
__Hbank18                                bank18       000000
__Hbank19                                bank19       000000
__Hbank2                                 bank2        000000
__Hbank20                                bank20       000000
__Hbank21                                bank21       000000
__Hbank22                                bank22       000000
__Hbank23                                bank23       000000
__Hbank24                                bank24       000000
__Hbank25                                bank25       000000
__Hbank26                                bank26       000000
__Hbank27                                bank27       000000
__Hbank28                                bank28       000000
__Hbank29                                bank29       000000
__Hbank3                                 bank3        000000
__Hbank30                                bank30       000000
__Hbank31                                bank31       000000
__Hbank4                                 bank4        000000
__Hbank5                                 bank5        000000
__Hbank6                                 bank6        000000
__Hbank7                                 bank7        000000
__Hbank8                                 bank8        000000
__Hbank9                                 bank9        000000
__Hbigbss                                bigbss       000000
__Hbigdata                               bigdata      000000
__Hbigram                                bigram       000000
__Hbss                                   bss          000000
__HbssBANK0                              bssBANK0     000000
__HbssCOMRAM                             bssCOMRAM    000000
__Hcinit                                 cinit        000000
__Hclrtext                               clrtext      000000
__Hcomram                                comram       000000
__Hconfig                                config       30000A
__Hconst                                 const        000000
__HcstackBANK0                           cstackBANK0  000000
__HcstackCOMRAM                          cstackCOMRAM 000000
__Hdata                                  data         000000
__HdataBANK0                             dataBANK0    000000
__HdataCOMRAM                            dataCOMRAM   000000
__Heeprom_data                           eeprom_data  000000
__Hfarbss                                farbss       000000
__Hfardata                               fardata      000000
__Hibigdata                              ibigdata     000000
__Hidata                                 idata        000000
__HidataBANK0                            idataBANK0   000000
__HidataCOMRAM                           idataCOMRAM  000000
__Hidloc                                 idloc        200010
__Hifardata                              ifardata     000000
__Hinit                                  init         00001E
__Hintsave_regs                          intsave_regs 000000
__Hirdata                                irdata       000000
__Hivt0x8                                ivt0x8       00001A
__Hmediumconst                           mediumconst  010000
__HnvFARRAM                              nvFARRAM     000000
__Hnvbit                                 nvbit        000000
__Hnvrram                                nvrram       000000
__Hparam                                 rparam       000000
__Hpowerup                               powerup      000000
__Hram                                   ram          000000
__Hramtop                                ramtop       002000
__Hrbit                                  rbit         000000
__Hrbss                                  rbss         000000
__Hrdata                                 rdata        000000
__Hreset_vec                             reset_vec    000004
__Hrparam                                rparam       000000
__Hsfr                                   sfr          000000
__Hsmallconst                            smallconst   000000
__Hspace_0                               (abs)        30000A
__Hspace_1                               (abs)        00009B
__Hspace_2                               (abs)        000000
__Hstack                                 stack        000000
__Hstruct                                struct       000000
__Htemp                                  temp         000000
__Htext                                  text         000000
__Htext0                                 text0        000000
__Htext1                                 text1        000000
__Htext10                                text10       000000
__Htext11                                text11       000000
__Htext12                                text12       000000
__Htext13                                text13       000000
__Htext14                                text14       000000
__Htext15                                text15       000000
__Htext16                                text16       000000
__Htext17                                text17       000000
__Htext18                                text18       000000
__Htext19                                text19       000000
__Htext2                                 text2        000000
__Htext20                                text20       000000
__Htext21                                text21       000000
__Htext22                                text22       000000
__Htext23                                text23       000000
__Htext24                                text24       000000
__Htext25                                text25       000000
__Htext26                                text26       000000
__Htext27                                text27       000000
__Htext28                                text28       000000
__Htext29                                text29       000000
__Htext3                                 text3        000000
__Htext30                                text30       000000
__Htext31                                text31       000000
__Htext32                                text32       000000
__Htext33                                text33       000000
__Htext34                                text34       000000
__Htext35                                text35       000000
__Htext36                                text36       000000
__Htext37                                text37       000000
__Htext38                                text38       000000
__Htext39                                text39       000000
__Htext4                                 text4        000000
__Htext40                                text40       000000
__Htext41                                text41       000000
__Htext42                                text42       000000
__Htext43                                text43       000000
__Htext44                                text44       000000
__Htext45                                text45       000000
__Htext46                                text46       000000
__Htext47                                text47       000000
__Htext48                                text48       000000
__Htext49                                text49       000000
__Htext5                                 text5        000000
__Htext50                                text50       000000
__Htext51                                text51       000000
__Htext52                                text52       000000
__Htext53                                text53       000000
__Htext54                                text54       000000
__Htext55                                text55       000000
__Htext56                                text56       000000
__Htext57                                text57       000000
__Htext58                                text58       000000
__Htext59                                text59       000000
__Htext6                                 text6        000000
__Htext60                                text60       000000
__Htext61                                text61       000000
__Htext62                                text62       000000
__Htext7                                 text7        000000
__Htext8                                 text8        000000
__Htext9                                 text9        000000
__LRAM                                   (abs)        000001
__Labs1                                  abs1         000000
__Lbank0                                 bank0        000000
__Lbank1                                 bank1        000000
__Lbank10                                bank10       000000
__Lbank11                                bank11       000000
__Lbank12                                bank12       000000
__Lbank13                                bank13       000000
__Lbank14                                bank14       000000
__Lbank15                                bank15       000000
__Lbank16                                bank16       000000
__Lbank17                                bank17       000000
__Lbank18                                bank18       000000
__Lbank19                                bank19       000000
__Lbank2                                 bank2        000000
__Lbank20                                bank20       000000
__Lbank21                                bank21       000000
__Lbank22                                bank22       000000
__Lbank23                                bank23       000000
__Lbank24                                bank24       000000
__Lbank25                                bank25       000000
__Lbank26                                bank26       000000
__Lbank27                                bank27       000000
__Lbank28                                bank28       000000
__Lbank29                                bank29       000000
__Lbank3                                 bank3        000000
__Lbank30                                bank30       000000
__Lbank31                                bank31       000000
__Lbank4                                 bank4        000000
__Lbank5                                 bank5        000000
__Lbank6                                 bank6        000000
__Lbank7                                 bank7        000000
__Lbank8                                 bank8        000000
__Lbank9                                 bank9        000000
__Lbigbss                                bigbss       000000
__Lbigdata                               bigdata      000000
__Lbigram                                bigram       000000
__Lbss                                   bss          000000
__LbssBANK0                              bssBANK0     000000
__LbssCOMRAM                             bssCOMRAM    000000
__Lcinit                                 cinit        000000
__Lclrtext                               clrtext      000000
__Lcomram                                comram       000000
__Lconfig                                config       300000
__Lconst                                 const        000000
__LcstackBANK0                           cstackBANK0  000000
__LcstackCOMRAM                          cstackCOMRAM 000000
__Ldata                                  data         000000
__LdataBANK0                             dataBANK0    000000
__LdataCOMRAM                            dataCOMRAM   000000
__Leeprom_data                           eeprom_data  000000
__Lfarbss                                farbss       000000
__Lfardata                               fardata      000000
__Libigdata                              ibigdata     000000
__Lidata                                 idata        000000
__LidataBANK0                            idataBANK0   000000
__LidataCOMRAM                           idataCOMRAM  000000
__Lidloc                                 idloc        200000
__Lifardata                              ifardata     000000
__Linit                                  init         00001A
__Lintsave_regs                          intsave_regs 000000
__Lirdata                                irdata       000000
__Livt0x8                                ivt0x8       000008
__Lmediumconst                           mediumconst  00FED0
__LnvFARRAM                              nvFARRAM     000000
__Lnvbit                                 nvbit        000000
__Lnvrram                                nvrram       000000
__Lparam                                 rparam       000000
__Lpowerup                               powerup      000000
__Lram                                   ram          000000
__Lramtop                                ramtop       002000
__Lrbit                                  rbit         000000
__Lrbss                                  rbss         000000
__Lrdata                                 rdata        000000
__Lreset_vec                             reset_vec    000000
__Lrparam                                rparam       000000
__Lsfr                                   sfr          000000
__Lsmallconst                            smallconst   000000
__Lspace_0                               (abs)        000000
__Lspace_1                               (abs)        000000
__Lspace_2                               (abs)        000000
__Lstack                                 stack        000000
__Lstruct                                struct       000000
__Ltemp                                  temp         000000
__Ltext                                  text         000000
__Ltext0                                 text0        000000
__Ltext1                                 text1        000000
__Ltext10                                text10       000000
__Ltext11                                text11       000000
__Ltext12                                text12       000000
__Ltext13                                text13       000000
__Ltext14                                text14       000000
__Ltext15                                text15       000000
__Ltext16                                text16       000000
__Ltext17                                text17       000000
__Ltext18                                text18       000000
__Ltext19                                text19       000000
__Ltext2                                 text2        000000
__Ltext20                                text20       000000
__Ltext21                                text21       000000
__Ltext22                                text22       000000
__Ltext23                                text23       000000
__Ltext24                                text24       000000
__Ltext25                                text25       000000
__Ltext26                                text26       000000
__Ltext27                                text27       000000
__Ltext28                                text28       000000
__Ltext29                                text29       000000
__Ltext3                                 text3        000000
__Ltext30                                text30       000000
__Ltext31                                text31       000000
__Ltext32                                text32       000000
__Ltext33                                text33       000000
__Ltext34                                text34       000000
__Ltext35                                text35       000000
__Ltext36                                text36       000000
__Ltext37                                text37       000000
__Ltext38                                text38       000000
__Ltext39                                text39       000000
__Ltext4                                 text4        000000
__Ltext40                                text40       000000
__Ltext41                                text41       000000
__Ltext42                                text42       000000
__Ltext43                                text43       000000
__Ltext44                                text44       000000
__Ltext45                                text45       000000
__Ltext46                                text46       000000
__Ltext47                                text47       000000
__Ltext48                                text48       000000
__Ltext49                                text49       000000
__Ltext5                                 text5        000000
__Ltext50                                text50       000000
__Ltext51                                text51       000000
__Ltext52                                text52       000000
__Ltext53                                text53       000000
__Ltext54                                text54       000000
__Ltext55                                text55       000000
__Ltext56                                text56       000000
__Ltext57                                text57       000000
__Ltext58                                text58       000000
__Ltext59                                text59       000000
__Ltext6                                 text6        000000
__Ltext60                                text60       000000
__Ltext61                                text61       000000
__Ltext62                                text62       000000
__Ltext7                                 text7        000000
__Ltext8                                 text8        000000
__Ltext9                                 text9        000000
__S0                                     (abs)        30000A
__S1                                     (abs)        00009B
__S2                                     (abs)        000000
___inthi_sp                              stack        000000
___intlo_sp                              stack        000000
___param_bank                            (abs)        000000
___rparam_used                           (abs)        000001
___sp                                    stack        000000
__accesstop                              (abs)        000060
__activetblptr                           (abs)        000002
__end_of_ADC_MANAGER_Initialize          text15       013182
__end_of_BEEPER_Initialize               text19       012C2A
__end_of_CONFIGURATION_Initialize        text14       013180
__end_of_COUNTDOWN_Initialize            text18       012F66
__end_of_INTERRUPT_Initialize            text13       013148
__end_of_ISR                             text52       012688
__end_of_KEYPAD_Initialize               text17       013028
__end_of_LCD_Clear                       text29       012FEA
__end_of_LCD_Cmd                         text51       013060
__end_of_LCD_Cursor_Blink_Off            text48       013162
__end_of_LCD_Cursor_Blink_On             text4        01315A
__end_of_LCD_Cursor_Left                 text50       013172
__end_of_LCD_Cursor_Right                text49       01316A
__end_of_LCD_Initialize                  text16       01299E
__end_of_LCD_Set_Cursor                  text47       012EA2
__end_of_LCD_Write_Char                  text46       012F88
__end_of_LCD_Write_String                text45       012AB4
__end_of_LCD_printAccepted               text43       0127F8
__end_of_LCD_printDeclined               text42       012740
__end_of_LCD_printInitialCountdown       text41       012B9A
__end_of_LCD_printNowCountdown           text28       012B50
__end_of_LCD_resetPasswordEntry          text38       012E12
__end_of_OSCILLATOR_Initialize           text12       0130AE
__end_of_PIN_MANAGER_Initialize          text11       012E44
__end_of_PMD_Initialize                  text10       012F20
__end_of_SYSTEM_Initialize               text9        013096
__end_of_UART1_Initialize                text8        012EFC
__end_of__initialization                 cinit        012A06
__end_of_armBeep                         text39       01300A
__end_of_armedPageReset                  text35       012DA4
__end_of_countdownStart                  text34       01313C
__end_of_countdownStop                   text33       013178
__end_of_countdown_drop_timer            text54       0125C2
__end_of_countdown_initial_str2num       text32       011A76
__end_of_countdown_now_num2str           text62       0120E6
__end_of_countdown_now_reset_to_initial  text31       0124AC
__end_of_disarmBeep                      text30       012D6A
__end_of_disarmedPageReset               text27       012CF4
__end_of_endBeep                         text61       012890
__end_of_keypadRead                      text21       012234
__end_of_keypadScan                      text26       012376
__end_of_longLowBeep                     text44       0130C4
__end_of_main                            text0        01127E
__end_of_normalBeep                      text25       0130FC
__end_of_normalBlink                     text24       01312E
__end_of_quickBeep                       text23       0130EA
__end_of_quickBlink                      text22       01311E
__end_of_resetEntry                      text36       012D30
__end_of_resetPasswordEntry              text20       012E74
__end_of_serialSend                      text7        013152
__end_of_setup                           text6        012FCA
__end_of_stanbyPageReset                 text5        012CB2
__end_of_strcmp                          text2        012A62
__end_of_strlen                          text37       012C70
__end_of_verifyInterfaceOptions          text3        012918
__end_of_verifyPassword                  text1        012DDC
__end_of_veryLowBeep                     text40       0130D8
__end_ofi2_LCD_Cmd                       text60       01307C
__end_ofi2_LCD_Set_Cursor                text59       012ED0
__end_ofi2_LCD_Write_Char                text58       012FAA
__end_ofi2_LCD_Write_String              text53       012B06
__end_ofi2_LCD_printNowCountdown         text57       012BE4
__end_ofi2_countdownStop                 text56       01317E
__end_ofi2_normalBeep                    text55       01310E
__initialization                         cinit        01299E
__mediumconst                            mediumconst  00FED0
__pbssBANK0                              bssBANK0     00008D
__pbssCOMRAM                             bssCOMRAM    000024
__pcinit                                 cinit        01299E
__pcstackBANK0                           cstackBANK0  00007C
__pcstackCOMRAM                          cstackCOMRAM 00003C
__pdataBANK0                             dataBANK0    000060
__pdataCOMRAM                            dataCOMRAM   000001
__pidataBANK0                            idataBANK0   013028
__pidataCOMRAM                           idataCOMRAM  012F20
__pivt0x8                                ivt0x8       000008
__pmediumconst                           mediumconst  00FED0
__ptext0                                 text0        010000
__ptext1                                 text1        012DA4
__ptext10                                text10       012EFC
__ptext11                                text11       012E12
__ptext12                                text12       013096
__ptext13                                text13       01313C
__ptext14                                text14       01317E
__ptext15                                text15       013180
__ptext16                                text16       012918
__ptext17                                text17       01300A
__ptext18                                text18       012F44
__ptext19                                text19       012BE4
__ptext2                                 text2        012A10
__ptext20                                text20       012E44
__ptext21                                text21       0120E6
__ptext22                                text22       01310E
__ptext23                                text23       0130D8
__ptext24                                text24       01311E
__ptext25                                text25       0130EA
__ptext26                                text26       012234
__ptext27                                text27       012CB2
__ptext28                                text28       012B06
__ptext29                                text29       012FCA
__ptext3                                 text3        012890
__ptext30                                text30       012D30
__ptext31                                text31       012376
__ptext32                                text32       01127E
__ptext33                                text33       013172
__ptext34                                text34       01312E
__ptext35                                text35       012D6A
__ptext36                                text36       012CF4
__ptext37                                text37       012C2A
__ptext38                                text38       012DDC
__ptext39                                text39       012FEA
__ptext4                                 text4        013152
__ptext40                                text40       0130C4
__ptext41                                text41       012B50
__ptext42                                text42       012688
__ptext43                                text43       012740
__ptext44                                text44       0130AE
__ptext45                                text45       012A62
__ptext46                                text46       012F66
__ptext47                                text47       012E74
__ptext48                                text48       01315A
__ptext49                                text49       013162
__ptext5                                 text5        012C70
__ptext50                                text50       01316A
__ptext51                                text51       013044
__ptext52                                text52       0125C2
__ptext53                                text53       012AB4
__ptext54                                text54       0124AC
__ptext55                                text55       0130FC
__ptext56                                text56       013178
__ptext57                                text57       012B9A
__ptext58                                text58       012F88
__ptext59                                text59       012EA2
__ptext6                                 text6        012FAA
__ptext60                                text60       013060
__ptext61                                text61       0127F8
__ptext62                                text62       011A76
__ptext7                                 text7        013148
__ptext8                                 text8        012ED0
__ptext9                                 text9        01307C
__ramtop                                 ramtop       002000
__size_of_ADC_MANAGER_Initialize         (abs)        000000
__size_of_BEEPER_Initialize              (abs)        000000
__size_of_CONFIGURATION_Initialize       (abs)        000000
__size_of_COUNTDOWN_Initialize           (abs)        000000
__size_of_INTERRUPT_Initialize           (abs)        000000
__size_of_ISR                            (abs)        000000
__size_of_KEYPAD_Initialize              (abs)        000000
__size_of_LCD_Clear                      (abs)        000000
__size_of_LCD_Cmd                        (abs)        000000
__size_of_LCD_Cursor_Blink_Off           (abs)        000000
__size_of_LCD_Cursor_Blink_On            (abs)        000000
__size_of_LCD_Cursor_Left                (abs)        000000
__size_of_LCD_Cursor_Right               (abs)        000000
__size_of_LCD_Initialize                 (abs)        000000
__size_of_LCD_Set_Cursor                 (abs)        000000
__size_of_LCD_Write_Char                 (abs)        000000
__size_of_LCD_Write_String               (abs)        000000
__size_of_LCD_printAccepted              (abs)        000000
__size_of_LCD_printDeclined              (abs)        000000
__size_of_LCD_printInitialCountdown      (abs)        000000
__size_of_LCD_printNowCountdown          (abs)        000000
__size_of_LCD_resetPasswordEntry         (abs)        000000
__size_of_OSCILLATOR_Initialize          (abs)        000000
__size_of_PIN_MANAGER_Initialize         (abs)        000000
__size_of_PMD_Initialize                 (abs)        000000
__size_of_SYSTEM_Initialize              (abs)        000000
__size_of_UART1_Initialize               (abs)        000000
__size_of_armBeep                        (abs)        000000
__size_of_armedPageReset                 (abs)        000000
__size_of_countdownStart                 (abs)        000000
__size_of_countdownStop                  (abs)        000000
__size_of_countdown_drop_timer           (abs)        000000
__size_of_countdown_initial_str2num      (abs)        000000
__size_of_countdown_now_num2str          (abs)        000000
__size_of_countdown_now_reset_to_initial (abs)        000000
__size_of_disarmBeep                     (abs)        000000
__size_of_disarmedPageReset              (abs)        000000
__size_of_endBeep                        (abs)        000000
__size_of_keypadRead                     (abs)        000000
__size_of_keypadScan                     (abs)        000000
__size_of_longLowBeep                    (abs)        000000
__size_of_main                           (abs)        000000
__size_of_normalBeep                     (abs)        000000
__size_of_normalBlink                    (abs)        000000
__size_of_quickBeep                      (abs)        000000
__size_of_quickBlink                     (abs)        000000
__size_of_resetEntry                     (abs)        000000
__size_of_resetPasswordEntry             (abs)        000000
__size_of_serialSend                     (abs)        000000
__size_of_setup                          (abs)        000000
__size_of_stanbyPageReset                (abs)        000000
__size_of_strcmp                         (abs)        000000
__size_of_strlen                         (abs)        000000
__size_of_verifyInterfaceOptions         (abs)        000000
__size_of_verifyPassword                 (abs)        000000
__size_of_veryLowBeep                    (abs)        000000
__size_ofi2_LCD_Cmd                      (abs)        000000
__size_ofi2_LCD_Set_Cursor               (abs)        000000
__size_ofi2_LCD_Write_Char               (abs)        000000
__size_ofi2_LCD_Write_String             (abs)        000000
__size_ofi2_LCD_printNowCountdown        (abs)        000000
__size_ofi2_countdownStop                (abs)        000000
__size_ofi2_normalBeep                   (abs)        000000
__smallconst                             smallconst   000000
_alarmMode                               dataCOMRAM   000023
_armBeep                                 text39       012FEA
_armed                                   dataCOMRAM   000021
_armedPageReset                          text35       012D6A
_countdownBeeps                          dataCOMRAM   00001F
_countdownBeepsMem                       dataCOMRAM   00001D
_countdownMode                           bssCOMRAM    00003A
_countdownStart                          text34       01312E
_countdownStop                           text33       013172
_countdown_drop_timer                    text54       0124AC
_countdown_initial_str2num               text32       01127E
_countdown_now_num2str                   text62       011A76
_countdown_now_reset_to_initial          text31       012376
_cursorBlinkMem                          bssCOMRAM    00002C
_disarmBeep                              text30       012D30
_disarmed                                dataBANK0    000072
_disarmedPageReset                       text27       012CB2
_endBeep                                 text61       0127F8
_exploded                                dataBANK0    000070
_isPasswordTrue                          bssCOMRAM    000034
_keyBeeps                                bssCOMRAM    00002E
_keyBeepsMem                             bssBANK0     00008D
_keyHeld                                 bssCOMRAM    000039
_keyIterrator                            bssCOMRAM    000036
_keyPressed                              bssCOMRAM    000038
_keypadOutput                            bssCOMRAM    000024
_keypadRead                              text21       0120E6
_keypadScan                              text26       012234
_longLowBeep                             text44       0130AE
_main                                    text0        010000
_mode                                    bssCOMRAM    00003B
_normalBeep                              text25       0130EA
_normalBlink                             text24       01311E
_numCountdownInitialTime                 dataCOMRAM   00000D
_numCountdownNowTime                     dataCOMRAM   000001
_password                                dataBANK0    000074
_passwordChange                          bssBANK0     00008F
_quickBeep                               text23       0130D8
_quickBlink                              text22       01310E
_resetEntry                              text36       012CF4
_resetPasswordEntry                      text20       012E44
_serialSend                              text7        013148
_setup                                   text6        012FAA
_stanby                                  bssCOMRAM    000030
_stanbyPageReset                         text5        012C70
_status                                  bssCOMRAM    000032
_strCountdownInitialTime                 dataBANK0    000060
_strCountdownNowTime                     dataBANK0    000068
_strcmp                                  text2        012A10
_strlen                                  text37       012C2A
_timerChange                             bssBANK0     000091
_userPswdEntry                           bssBANK0     000093
_verifyInterfaceOptions                  text3        012890
_verifyPassword                          text1        012DA4
_veryLowBeep                             text40       0130C4
countdown_initial_str2num@i              cstackCOMRAM 00004C
countdown_now_num2str@i                  cstackCOMRAM 00003E
countdown_now_reset_to_initial@i         cstackCOMRAM 00004C
endBeep@i                                cstackCOMRAM 00003D
endBeep@i_538                            cstackCOMRAM 00003F
end_of_initialization                    cinit        012A06
i2LCD_Cmd@b                              cstackCOMRAM 00003C
i2LCD_Set_Cursor@c                       cstackCOMRAM 00003D
i2LCD_Set_Cursor@d                       cstackCOMRAM 00003F
i2LCD_Set_Cursor@temp                    cstackCOMRAM 000041
i2LCD_Write_Char@e                       cstackCOMRAM 00003C
i2LCD_Write_String@f                     cstackCOMRAM 00003D
i2LCD_Write_String@i                     cstackCOMRAM 000041
i2LCD_printNowCountdown@i                cstackCOMRAM 000042
i2_LCD_Cmd                               text60       013060
i2_LCD_Set_Cursor                        text59       012EA2
i2_LCD_Write_Char                        text58       012F88
i2_LCD_Write_String                      text53       012AB4
i2_LCD_printNowCountdown                 text57       012B9A
i2_countdownStop                         text56       013178
i2_normalBeep                            text55       0130FC
intlevel0                                text         000000
intlevel1                                text         000000
intlevel2                                text         000000
intlevel3                                text         000000
ivt0x8_base                              ivt0x8       000008
keypadRead@flagPressed                   cstackBANK0  00007E
keypadRead@key                           cstackBANK0  000084
keypadRead@keyHeld                       cstackBANK0  000082
keypadRead@keyHoldTime                   cstackBANK0  00007C
keypadRead@keyPressed                    cstackBANK0  000083
keypadRead@output                        cstackBANK0  000080
main@cursorPos                           cstackBANK0  000089
main@cursorPos_1250                      cstackBANK0  00008B
main@i                                   cstackBANK0  000087
resetEntry@i                             cstackCOMRAM 000050
resetEntry@str                           cstackCOMRAM 00004E
resetPasswordEntry@i                     cstackCOMRAM 000048
serialSend@word                          cstackCOMRAM 000048
stackhi                                  (abs)        001FFF
stacklo                                  (abs)        00009B
start                                    init         00001A
start_initialization                     cinit        01299E
strcmp@r                                 cstackCOMRAM 00004D
strcmp@s1                                cstackCOMRAM 000048
strcmp@s2                                cstackCOMRAM 00004A
strlen@cp                                cstackCOMRAM 00004C
strlen@s                                 cstackCOMRAM 000048
verifyPassword@pass                      cstackCOMRAM 000050
verifyPassword@user                      cstackCOMRAM 00004E


FUNCTION INFORMATION:

 *************** function _main *****************
 Defined at:
		line 103 in file "main.c"
 Parameters:    Size  Location     Type
		None
 Auto vars:     Size  Location     Type
  i               2   11[BANK0 ] int 
  cursorPos       2   15[BANK0 ] int 
  cursorPos       2   13[BANK0 ] int 
 Return value:  Size  Location     Type
                  1    wreg      void 
 Registers used:
		wreg, fsr1l, fsr1h, fsr2l, fsr2h, status,2, status,0, tblptrl, tblptrh, tblptru, cstack
 Tracked objects:
		On entry : 
		On exit  : 
		Unchanged: 
 Data sizes:     COMRAM   BANK0   BANK1   BANK2   BANK3   BANK4   BANK5   BANK6   BANK7   BANK8   BANK9  BANK10  BANK11  BANK12  BANK13  BANK14  BANK15  BANK16  BANK17  BANK18  BANK19  BANK20  BANK21  BANK22  BANK23  BANK24  BANK25  BANK26  BANK27  BANK28  BANK29  BANK30  BANK31
      Params:         0       0       0       0       0       0       0       0       0       0       0       0       0       0       0       0       0       0       0       0       0       0       0       0       0       0       0       0       0       0       0       0       0
      Locals:         0       6       0       0       0       0       0       0       0       0       0       0       0       0       0       0       0       0       0       0       0       0       0       0       0       0       0       0       0       0       0       0       0
      Temps:          0       2       0       0       0       0       0       0       0       0       0       0       0       0       0       0       0       0       0       0       0       0       0       0       0       0       0       0       0       0       0       0       0
      Totals:         0       8       0       0       0       0       0       0       0       0       0       0       0       0       0       0       0       0       0       0       0       0       0       0       0       0       0       0       0       0       0       0       0
Total ram usage:        8 bytes
 Hardware stack levels required when called:    9
 This function calls:
		_LCD_Cursor_Blink_Off
		_LCD_Cursor_Blink_On
		_LCD_Cursor_Left
		_LCD_Cursor_Right
		_LCD_Set_Cursor
		_LCD_Write_Char
		_LCD_Write_String
		_LCD_printAccepted
		_LCD_printDeclined
		_LCD_printInitialCountdown
		_LCD_printNowCountdown
		_LCD_resetPasswordEntry
		_armBeep
		_armedPageReset
		_countdownStart
		_countdownStop
		_countdown_initial_str2num
		_countdown_now_reset_to_initial
		_disarmBeep
		_disarmedPageReset
		_keypadRead
		_resetEntry
		_resetPasswordEntry
		_serialSend
		_setup
		_stanbyPageReset
		_verifyInterfaceOptions
		_verifyPassword
 This function is called by:
		Startup code after reset
 This function uses a non-reentrant model


 *************** function _verifyPassword *****************
 Defined at:
		line 50 in file "main.c"
 Parameters:    Size  Location     Type
  user            2   18[COMRAM] PTR unsigned char 
		 -> userPswdEntry(8), 
  pass            2   20[COMRAM] PTR unsigned char 
		 -> password(8), 
 Auto vars:     Size  Location     Type
		None
 Return value:  Size  Location     Type
                  2   18[COMRAM] int 
 Registers used:
		wreg, fsr2l, fsr2h, status,2, status,0, cstack
 Tracked objects:
		On entry : 
		On exit  : 
		Unchanged: 
 Data sizes:     COMRAM   BANK0   BANK1   BANK2   BANK3   BANK4   BANK5   BANK6   BANK7   BANK8   BANK9  BANK10  BANK11  BANK12  BANK13  BANK14  BANK15  BANK16  BANK17  BANK18  BANK19  BANK20  BANK21  BANK22  BANK23  BANK24  BANK25  BANK26  BANK27  BANK28  BANK29  BANK30  BANK31
      Params:         4       0       0       0       0       0       0       0       0       0       0       0       0       0       0       0       0       0       0       0       0       0       0       0       0       0       0       0       0       0       0       0       0
      Locals:         0       0       0       0       0       0       0       0       0       0       0       0       0       0       0       0       0       0       0       0       0       0       0       0       0       0       0       0       0       0       0       0       0
      Temps:          0       0       0       0       0       0       0       0       0       0       0       0       0       0       0       0       0       0       0       0       0       0       0       0       0       0       0       0       0       0       0       0       0
      Totals:         4       0       0       0       0       0       0       0       0       0       0       0       0       0       0       0       0       0       0       0       0       0       0       0       0       0       0       0       0       0       0       0       0
Total ram usage:        4 bytes
 Hardware stack levels used:    1
 Hardware stack levels required when called:    6
 This function calls:
		_strcmp
 This function is called by:
		_main
 This function uses a non-reentrant model


 *************** function _strcmp *****************
 Defined at:
		line 33 in file "C:\Program Files (x86)\Microchip\xc8\v2.00\pic\sources\c90\common\strcmp.c"
 Parameters:    Size  Location     Type
  s1              2   12[COMRAM] PTR const unsigned char 
		 -> userPswdEntry(8), 
  s2              2   14[COMRAM] PTR const unsigned char 
		 -> password(8), 
 Auto vars:     Size  Location     Type
  r               1   17[COMRAM] char 
 Return value:  Size  Location     Type
                  2   12[COMRAM] int 
 Registers used:
		wreg, fsr2l, fsr2h, status,2, status,0
 Tracked objects:
		On entry : 
		On exit  : 
		Unchanged: 
 Data sizes:     COMRAM   BANK0   BANK1   BANK2   BANK3   BANK4   BANK5   BANK6   BANK7   BANK8   BANK9  BANK10  BANK11  BANK12  BANK13  BANK14  BANK15  BANK16  BANK17  BANK18  BANK19  BANK20  BANK21  BANK22  BANK23  BANK24  BANK25  BANK26  BANK27  BANK28  BANK29  BANK30  BANK31
      Params:         4       0       0       0       0       0       0       0       0       0       0       0       0       0       0       0       0       0       0       0       0       0       0       0       0       0       0       0       0       0       0       0       0
      Locals:         1       0       0       0       0       0       0       0       0       0       0       0       0       0       0       0       0       0       0       0       0       0       0       0       0       0       0       0       0       0       0       0       0
      Temps:          1       0       0       0       0       0       0       0       0       0       0       0       0       0       0       0       0       0       0       0       0       0       0       0       0       0       0       0       0       0       0       0       0
      Totals:         6       0       0       0       0       0       0       0       0       0       0       0       0       0       0       0       0       0       0       0       0       0       0       0       0       0       0       0       0       0       0       0       0
Total ram usage:        6 bytes
 Hardware stack levels used:    1
 Hardware stack levels required when called:    5
 This function calls:
		Nothing
 This function is called by:
		_verifyPassword
 This function uses a non-reentrant model


 *************** function _verifyInterfaceOptions *****************
 Defined at:
		line 88 in file "main.c"
 Parameters:    Size  Location     Type
		None
 Auto vars:     Size  Location     Type
		None
 Return value:  Size  Location     Type
                  1    wreg      void 
 Registers used:
		wreg, status,2, status,0, cstack
 Tracked objects:
		On entry : 
		On exit  : 
		Unchanged: 
 Data sizes:     COMRAM   BANK0   BANK1   BANK2   BANK3   BANK4   BANK5   BANK6   BANK7   BANK8   BANK9  BANK10  BANK11  BANK12  BANK13  BANK14  BANK15  BANK16  BANK17  BANK18  BANK19  BANK20  BANK21  BANK22  BANK23  BANK24  BANK25  BANK26  BANK27  BANK28  BANK29  BANK30  BANK31
      Params:         0       0       0       0       0       0       0       0       0       0       0       0       0       0       0       0       0       0       0       0       0       0       0       0       0       0       0       0       0       0       0       0       0
      Locals:         0       0       0       0       0       0       0       0       0       0       0       0       0       0       0       0       0       0       0       0       0       0       0       0       0       0       0       0       0       0       0       0       0
      Temps:          0       0       0       0       0       0       0       0       0       0       0       0       0       0       0       0       0       0       0       0       0       0       0       0       0       0       0       0       0       0       0       0       0
      Totals:         0       0       0       0       0       0       0       0       0       0       0       0       0       0       0       0       0       0       0       0       0       0       0       0       0       0       0       0       0       0       0       0       0
Total ram usage:        0 bytes
 Hardware stack levels used:    1
 Hardware stack levels required when called:    7
 This function calls:
		_LCD_Cursor_Blink_Off
		_LCD_Cursor_Blink_On
 This function is called by:
		_main
 This function uses a non-reentrant model


 *************** function _LCD_Cursor_Blink_On *****************
 Defined at:
		line 96 in file "lcd.c"
 Parameters:    Size  Location     Type
		None
 Auto vars:     Size  Location     Type
		None
 Return value:  Size  Location     Type
                  1    wreg      void 
 Registers used:
		wreg, status,2, cstack
 Tracked objects:
		On entry : 
		On exit  : 
		Unchanged: 
 Data sizes:     COMRAM   BANK0   BANK1   BANK2   BANK3   BANK4   BANK5   BANK6   BANK7   BANK8   BANK9  BANK10  BANK11  BANK12  BANK13  BANK14  BANK15  BANK16  BANK17  BANK18  BANK19  BANK20  BANK21  BANK22  BANK23  BANK24  BANK25  BANK26  BANK27  BANK28  BANK29  BANK30  BANK31
      Params:         0       0       0       0       0       0       0       0       0       0       0       0       0       0       0       0       0       0       0       0       0       0       0       0       0       0       0       0       0       0       0       0       0
      Locals:         0       0       0       0       0       0       0       0       0       0       0       0       0       0       0       0       0       0       0       0       0       0       0       0       0       0       0       0       0       0       0       0       0
      Temps:          0       0       0       0       0       0       0       0       0       0       0       0       0       0       0       0       0       0       0       0       0       0       0       0       0       0       0       0       0       0       0       0       0
      Totals:         0       0       0       0       0       0       0       0       0       0       0       0       0       0       0       0       0       0       0       0       0       0       0       0       0       0       0       0       0       0       0       0       0
Total ram usage:        0 bytes
 Hardware stack levels used:    1
 Hardware stack levels required when called:    6
 This function calls:
		_LCD_Cmd
 This function is called by:
		_verifyInterfaceOptions
		_main
 This function uses a non-reentrant model


 *************** function _stanbyPageReset *****************
 Defined at:
		line 56 in file "main.c"
 Parameters:    Size  Location     Type
		None
 Auto vars:     Size  Location     Type
		None
 Return value:  Size  Location     Type
                  1    wreg      void 
 Registers used:
		wreg, fsr2l, fsr2h, status,2, status,0, tblptrl, tblptrh, tblptru, cstack
 Tracked objects:
		On entry : 
		On exit  : 
		Unchanged: 
[...]
      Params:         0       0       0       0       0       0       0       0       0       0       0       0       0       0       0       0       0       0       0       0       0       0       0       0       0       0       0       0       0       0       0       0       0
      Locals:         0       0       0       0       0       0       0       0       0       0       0       0       0       0       0       0       0       0       0       0       0       0       0       0       0       0       0       0       0       0       0       0       0
      Temps:          0       0       0       0       0       0       0       0       0       0       0       0       0       0       0       0       0       0       0       0       0       0       0       0       0       0       0       0       0       0       0       0       0
      Totals:         0       0       0       0       0       0       0       0       0       0       0       0       0       0       0       0       0       0       0       0       0       0       0       0       0       0       0       0       0       0       0       0       0
Total ram usage:        0 bytes
 Hardware stack levels used:    1
 This function calls:
		Nothing
 This function is called by:
		_countdown_drop_timer
 This function uses a non-reentrant model


 *************** function i2_countdownStop *****************
 Defined at:
		line 31 in file "countdown.c"
 Parameters:    Size  Location     Type
		None
 Auto vars:     Size  Location     Type
		None
 Return value:  Size  Location     Type
                  1    wreg      void 
 Registers used:
		None
 Tracked objects:
		On entry : 
		On exit  : 
		Unchanged: 
 Data sizes:     COMRAM   BANK0   BANK1   BANK2   BANK3   BANK4   BANK5   BANK6   BANK7   BANK8   BANK9  BANK10  BANK11  BANK12  BANK13  BANK14  BANK15  BANK16  BANK17  BANK18  BANK19  BANK20  BANK21  BANK22  BANK23  BANK24  BANK25  BANK26  BANK27  BANK28  BANK29  BANK30  BANK31
      Params:         0       0       0       0       0       0       0       0       0       0       0       0       0       0       0       0       0       0       0       0       0       0       0       0       0       0       0       0       0       0       0       0       0
      Locals:         0       0       0       0       0       0       0       0       0       0       0       0       0       0       0       0       0       0       0       0       0       0       0       0       0       0       0       0       0       0       0       0       0
      Temps:          0       0       0       0       0       0       0       0       0       0       0       0       0       0       0       0       0       0       0       0       0       0       0       0       0       0       0       0       0       0       0       0       0
      Totals:         0       0       0       0       0       0       0       0       0       0       0       0       0       0       0       0       0       0       0       0       0       0       0       0       0       0       0       0       0       0       0       0       0
Total ram usage:        0 bytes
 Hardware stack levels used:    1
 This function calls:
		Nothing
 This function is called by:
		_countdown_drop_timer
 This function uses a non-reentrant model


 *************** function i2_LCD_printNowCountdown *****************
 Defined at:
		line 153 in file "lcd.c"
 Parameters:    Size  Location     Type
		None
 Auto vars:     Size  Location     Type
  LCD_printNow    2    6[COMRAM] int 
 Return value:  Size  Location     Type
                  1    wreg      void 
 Registers used:
		wreg, fsr2l, fsr2h, status,2, status,0, cstack
 Tracked objects:
		On entry : 
		On exit  : 
		Unchanged: 
 Data sizes:     COMRAM   BANK0   BANK1   BANK2   BANK3   BANK4   BANK5   BANK6   BANK7   BANK8   BANK9  BANK10  BANK11  BANK12  BANK13  BANK14  BANK15  BANK16  BANK17  BANK18  BANK19  BANK20  BANK21  BANK22  BANK23  BANK24  BANK25  BANK26  BANK27  BANK28  BANK29  BANK30  BANK31
      Params:         0       0       0       0       0       0       0       0       0       0       0       0       0       0       0       0       0       0       0       0       0       0       0       0       0       0       0       0       0       0       0       0       0
      Locals:         2       0       0       0       0       0       0       0       0       0       0       0       0       0       0       0       0       0       0       0       0       0       0       0       0       0       0       0       0       0       0       0       0
      Temps:          0       0       0       0       0       0       0       0       0       0       0       0       0       0       0       0       0       0       0       0       0       0       0       0       0       0       0       0       0       0       0       0       0
      Totals:         2       0       0       0       0       0       0       0       0       0       0       0       0       0       0       0       0       0       0       0       0       0       0       0       0       0       0       0       0       0       0       0       0
Total ram usage:        2 bytes
 Hardware stack levels used:    1
 Hardware stack levels required when called:    2
 This function calls:
		i2_LCD_Set_Cursor
		i2_LCD_Write_Char
 This function is called by:
		_countdown_drop_timer
 This function uses a non-reentrant model


 *************** function i2_LCD_Write_Char *****************
 Defined at:
		line 77 in file "lcd.c"
 Parameters:    Size  Location     Type
  e               1    wreg     unsigned char 
 Auto vars:     Size  Location     Type
  e               1    0[COMRAM] unsigned char 
 Return value:  Size  Location     Type
                  1    wreg      void 
 Registers used:
		wreg, status,2, status,0, cstack
 Tracked objects:
		On entry : 
		On exit  : 
		Unchanged: 
 Data sizes:     COMRAM   BANK0   BANK1   BANK2   BANK3   BANK4   BANK5   BANK6   BANK7   BANK8   BANK9  BANK10  BANK11  BANK12  BANK13  BANK14  BANK15  BANK16  BANK17  BANK18  BANK19  BANK20  BANK21  BANK22  BANK23  BANK24  BANK25  BANK26  BANK27  BANK28  BANK29  BANK30  BANK31
      Params:         0       0       0       0       0       0       0       0       0       0       0       0       0       0       0       0       0       0       0       0       0       0       0       0       0       0       0       0       0       0       0       0       0
      Locals:         1       0       0       0       0       0       0       0       0       0       0       0       0       0       0       0       0       0       0       0       0       0       0       0       0       0       0       0       0       0       0       0       0
      Temps:          0       0       0       0       0       0       0       0       0       0       0       0       0       0       0       0       0       0       0       0       0       0       0       0       0       0       0       0       0       0       0       0       0
      Totals:         1       0       0       0       0       0       0       0       0       0       0       0       0       0       0       0       0       0       0       0       0       0       0       0       0       0       0       0       0       0       0       0       0
Total ram usage:        1 bytes
 Hardware stack levels used:    1
 This function calls:
		Nothing
 This function is called by:
		i2_LCD_Write_String
		i2_LCD_printNowCountdown
 This function uses a non-reentrant model


 *************** function i2_LCD_Set_Cursor *****************
 Defined at:
		line 62 in file "lcd.c"
 Parameters:    Size  Location     Type
  c               2    1[COMRAM] int 
  d               2    3[COMRAM] int 
 Auto vars:     Size  Location     Type
  LCD_Set_Curs    1    5[COMRAM] unsigned char 
 Return value:  Size  Location     Type
                  1    wreg      void 
 Registers used:
		wreg, status,2, status,0, cstack
 Tracked objects:
		On entry : 
		On exit  : 
		Unchanged: 
 Data sizes:     COMRAM   BANK0   BANK1   BANK2   BANK3   BANK4   BANK5   BANK6   BANK7   BANK8   BANK9  BANK10  BANK11  BANK12  BANK13  BANK14  BANK15  BANK16  BANK17  BANK18  BANK19  BANK20  BANK21  BANK22  BANK23  BANK24  BANK25  BANK26  BANK27  BANK28  BANK29  BANK30  BANK31
      Params:         4       0       0       0       0       0       0       0       0       0       0       0       0       0       0       0       0       0       0       0       0       0       0       0       0       0       0       0       0       0       0       0       0
      Locals:         1       0       0       0       0       0       0       0       0       0       0       0       0       0       0       0       0       0       0       0       0       0       0       0       0       0       0       0       0       0       0       0       0
      Temps:          0       0       0       0       0       0       0       0       0       0       0       0       0       0       0       0       0       0       0       0       0       0       0       0       0       0       0       0       0       0       0       0       0
      Totals:         5       0       0       0       0       0       0       0       0       0       0       0       0       0       0       0       0       0       0       0       0       0       0       0       0       0       0       0       0       0       0       0       0
Total ram usage:        5 bytes
 Hardware stack levels used:    1
 Hardware stack levels required when called:    1
 This function calls:
		i2_LCD_Cmd
 This function is called by:
		_ISR
		i2_LCD_printNowCountdown
 This function uses a non-reentrant model


 *************** function i2_LCD_Cmd *****************
 Defined at:
		line 43 in file "lcd.c"
 Parameters:    Size  Location     Type
  b               1    wreg     unsigned char 
 Auto vars:     Size  Location     Type
  b               1    0[COMRAM] unsigned char 
 Return value:  Size  Location     Type
                  1    wreg      void 
 Registers used:
		wreg, status,2, cstack
 Tracked objects:
		On entry : 
		On exit  : 
		Unchanged: 
 Data sizes:     COMRAM   BANK0   BANK1   BANK2   BANK3   BANK4   BANK5   BANK6   BANK7   BANK8   BANK9  BANK10  BANK11  BANK12  BANK13  BANK14  BANK15  BANK16  BANK17  BANK18  BANK19  BANK20  BANK21  BANK22  BANK23  BANK24  BANK25  BANK26  BANK27  BANK28  BANK29  BANK30  BANK31
      Params:         0       0       0       0       0       0       0       0       0       0       0       0       0       0       0       0       0       0       0       0       0       0       0       0       0       0       0       0       0       0       0       0       0
      Locals:         1       0       0       0       0       0       0       0       0       0       0       0       0       0       0       0       0       0       0       0       0       0       0       0       0       0       0       0       0       0       0       0       0
      Temps:          0       0       0       0       0       0       0       0       0       0       0       0       0       0       0       0       0       0       0       0       0       0       0       0       0       0       0       0       0       0       0       0       0
      Totals:         1       0       0       0       0       0       0       0       0       0       0       0       0       0       0       0       0       0       0       0       0       0       0       0       0       0       0       0       0       0       0       0       0
Total ram usage:        1 bytes
 Hardware stack levels used:    1
 This function calls:
		Nothing
 This function is called by:
		i2_LCD_Set_Cursor
 This function uses a non-reentrant model


 *************** function _endBeep *****************
 Defined at:
		line 165 in file "beeper.c"
 Parameters:    Size  Location     Type
		None
 Auto vars:     Size  Location     Type
  i               2    3[COMRAM] int 
  i               2    1[COMRAM] int 
 Return value:  Size  Location     Type
                  1    wreg      void 
 Registers used:
		wreg, status,2, status,0
 Tracked objects:
		On entry : 
		On exit  : 
		Unchanged: 
 Data sizes:     COMRAM   BANK0   BANK1   BANK2   BANK3   BANK4   BANK5   BANK6   BANK7   BANK8   BANK9  BANK10  BANK11  BANK12  BANK13  BANK14  BANK15  BANK16  BANK17  BANK18  BANK19  BANK20  BANK21  BANK22  BANK23  BANK24  BANK25  BANK26  BANK27  BANK28  BANK29  BANK30  BANK31
      Params:         0       0       0       0       0       0       0       0       0       0       0       0       0       0       0       0       0       0       0       0       0       0       0       0       0       0       0       0       0       0       0       0       0
      Locals:         4       0       0       0       0       0       0       0       0       0       0       0       0       0       0       0       0       0       0       0       0       0       0       0       0       0       0       0       0       0       0       0       0
      Temps:          1       0       0       0       0       0       0       0       0       0       0       0       0       0       0       0       0       0       0       0       0       0       0       0       0       0       0       0       0       0       0       0       0
      Totals:         5       0       0       0       0       0       0       0       0       0       0       0       0       0       0       0       0       0       0       0       0       0       0       0       0       0       0       0       0       0       0       0       0
Total ram usage:        5 bytes
 Hardware stack levels used:    1
 This function calls:
		Nothing
 This function is called by:
		_countdown_drop_timer
 This function uses a non-reentrant model


 *************** function _countdown_now_num2str *****************
 Defined at:
		line 95 in file "countdown.c"
 Parameters:    Size  Location     Type
		None
 Auto vars:     Size  Location     Type
  i               2    2[COMRAM] int 
 Return value:  Size  Location     Type
                  1    wreg      void 
 Registers used:
		wreg, fsr2l, fsr2h, status,2, status,0
 Tracked objects:
		On entry : 
		On exit  : 
		Unchanged: 
 Data sizes:     COMRAM   BANK0   BANK1   BANK2   BANK3   BANK4   BANK5   BANK6   BANK7   BANK8   BANK9  BANK10  BANK11  BANK12  BANK13  BANK14  BANK15  BANK16  BANK17  BANK18  BANK19  BANK20  BANK21  BANK22  BANK23  BANK24  BANK25  BANK26  BANK27  BANK28  BANK29  BANK30  BANK31
      Params:         0       0       0       0       0       0       0       0       0       0       0       0       0       0       0       0       0       0       0       0       0       0       0       0       0       0       0       0       0       0       0       0       0
      Locals:         2       0       0       0       0       0       0       0       0       0       0       0       0       0       0       0       0       0       0       0       0       0       0       0       0       0       0       0       0       0       0       0       0
      Temps:          2       0       0       0       0       0       0       0       0       0       0       0       0       0       0       0       0       0       0       0       0       0       0       0       0       0       0       0       0       0       0       0       0
      Totals:         4       0       0       0       0       0       0       0       0       0       0       0       0       0       0       0       0       0       0       0       0       0       0       0       0       0       0       0       0       0       0       0       0
Total ram usage:        4 bytes
 Hardware stack levels used:    1
 This function calls:
		Nothing
 This function is called by:
		_countdown_drop_timer
 This function uses a non-reentrant model



MODULE INFORMATION

Module		Function		Class		Link	Load	Size
beeper.c
		_armBeep       		CODE           	12FEA	0000	33
		_ISR           		CODE           	125C2	0000	199
		_normalBeep    		CODE           	130EA	0000	19
		_normalBlink   		CODE           	1311E	0000	17
		_disarmBeep    		CODE           	12D30	0000	59
		_quickBlink    		CODE           	1310E	0000	17
		_longLowBeep   		CODE           	130AE	0000	23
		_quickBeep     		CODE           	130D8	0000	19
		_endBeep       		CODE           	127F8	0000	153
		_BEEPER_Initialize		CODE           	12BE4	0000	71
		_veryLowBeep   		CODE           	130C4	0000	21

beeper.c estimated size: 631

UART.c
		_serialSend    		CODE           	13148	0000	11
		_UART1_Initialize		CODE           	12ED0	0000	45

UART.c estimated size: 56

keypad.c
		_KEYPAD_Initialize		CODE           	1300A	0000	31
		_keypadScan    		CODE           	12234	0000	323
		_keypadRead    		CODE           	120E6	0000	335

keypad.c estimated size: 689

shared
		i2_LCD_Write_Char		CODE           	12F88	0000	35
		i2_LCD_printNowCountdown		CODE           	12B9A	0000	75
		i2_LCD_Cmd     		CODE           	13060	0000	29
		i2_LCD_Set_Cursor		CODE           	12EA2	0000	47
		__initialization		CODE           	1299E	0000	105
		i2_LCD_Write_String		CODE           	12AB4	0000	83
		i2_countdownStop		CODE           	13178	0000	7
		i2_normalBeep  		CODE           	130FC	0000	19

shared estimated size: 400

mcc.c
		_PIN_MANAGER_Initialize		CODE           	12E12	0000	51
		_INTERRUPT_Initialize		CODE           	1313C	0000	13
		_ADC_MANAGER_Initialize		CODE           	13180	0000	3
		_CONFIGURATION_Initialize		CODE           	1317E	0000	3
		_PMD_Initialize		CODE           	12EFC	0000	37
		_OSCILLATOR_Initialize		CODE           	13096	0000	25
		_SYSTEM_Initialize		CODE           	1307C	0000	27

mcc.c estimated size: 159

C:\Program Files (x86)\Microchip\xc8\v2.00\pic\sources\c90\common\strlen.c
		_strlen        		CODE           	12C2A	0000	71

C:\Program Files (x86)\Microchip\xc8\v2.00\pic\sources\c90\common\strlen.c estimated size: 71

C:\Program Files (x86)\Microchip\xc8\v2.00\pic\sources\c90\common\strcmp.c
		_strcmp        		CODE           	12A10	0000	83

C:\Program Files (x86)\Microchip\xc8\v2.00\pic\sources\c90\common\strcmp.c estimated size: 83

lcd.c
		_LCD_Write_Char		CODE           	12F66	0000	35
		_LCD_Cursor_Left		CODE           	1316A	0000	9
		_LCD_Cursor_Blink_On		CODE           	13152	0000	9
		_LCD_Cmd       		CODE           	13044	0000	29
		_LCD_printDeclined		CODE           	12688	0000	185
		_LCD_Initialize		CODE           	12918	0000	135
		_LCD_printAccepted		CODE           	12740	0000	185
		_LCD_Set_Cursor		CODE           	12E74	0000	47
		_LCD_printInitialCountdown		CODE           	12B50	0000	75
		_LCD_Clear     		CODE           	12FCA	0000	33
		_LCD_resetPasswordEntry		CODE           	12DDC	0000	55
		_LCD_printNowCountdown		CODE           	12B06	0000	75
		_LCD_Cursor_Blink_Off		CODE           	1315A	0000	9
		_LCD_Cursor_Right		CODE           	13162	0000	9
		_LCD_Write_String		CODE           	12A62	0000	83

lcd.c estimated size: 973

main.c
		_verifyInterfaceOptions		CODE           	12890	0000	137
		_resetPasswordEntry		CODE           	12E44	0000	49
		_main          		CODE           	10000	0000	4735
		_resetEntry    		CODE           	12CF4	0000	61
		_stanbyPageReset		CODE           	12C70	0000	67
		_disarmedPageReset		CODE           	12CB2	0000	67
		_armedPageReset		CODE           	12D6A	0000	59
		_setup         		CODE           	12FAA	0000	33
		_verifyPassword		CODE           	12DA4	0000	57

main.c estimated size: 5265

countdown.c
		_countdownStart		CODE           	1312E	0000	15
		_countdown_now_reset_to_initial		CODE           	12376	0000	311
		_countdown_initial_str2num		CODE           	1127E	0000	2041
		_COUNTDOWN_Initialize		CODE           	12F44	0000	35
		_countdown_drop_timer		CODE           	124AC	0000	279
		_countdown_now_num2str		CODE           	11A76	0000	1649
		_countdownStop 		CODE           	13172	0000	7

countdown.c estimated size: 4337

